   1              	# 1 "../src/renesas/application/dat.asm"
   1              	@/*******************************************************************************
   1              	...
   0              	
   0              	
   2              	@* DISCLAIMER
   3              	@* This software is supplied by Renesas Electronics Corporation and is only
   4              	@* intended for use with Renesas products. No other uses are authorized. This
   5              	@* software is owned by Renesas Electronics Corporation and is protected under
   6              	@* all applicable laws, including copyright laws.
   7              	@* THIS SOFTWARE IS PROVIDED "AS IS" AND RENESAS MAKES NO WARRANTIES REGARDING
   8              	@* THIS SOFTWARE, WHETHER EXPRESS, IMPLIED OR STATUTORY, INCLUDING BUT NOT
   9              	@* LIMITED TO WARRANTIES OF MERCHANTABILITY, FITNESS FOR A PARTICULAR PURPOSE
  10              	@* AND NON-INFRINGEMENT. ALL SUCH WARRANTIES ARE EXPRESSLY DISCLAIMED.
  11              	@* TO THE MAXIMUM EXTENT PERMITTED NOT PROHIBITED BY LAW, NEITHER RENESAS
  12              	@* ELECTRONICS CORPORATION NOR ANY OF ITS AFFILIATED COMPANIES SHALL BE LIABLE
  13              	@* FOR ANY DIRECT, INDIRECT, SPECIAL, INCIDENTAL OR CONSEQUENTIAL DAMAGES FOR
  14              	@* ANY REASON RELATED TO THIS SOFTWARE, EVEN IF RENESAS OR ITS AFFILIATES HAVE
  15              	@* BEEN ADVISED OF THE POSSIBILITY OF SUCH DAMAGES.
  16              	@* Renesas reserves the right, without notice, to make changes to this software
  17              	@* and to discontinue the availability of this software. By using this software,
  18              	@* you agree to the additional terms and conditions found by accessing the
  19              	@* following link:
  20              	@* http://www.renesas.com/disclaimer
  21              	@* Copyright (C) 2018 Renesas Electronics Corporation. All rights reserved.
  22              	@*******************************************************************************/
  23              	.section ".data"
  24              	
  25              	.balign 32
  26              	.global g_drp_lib_isp_bayer2grayscale_6
  27              	g_drp_lib_isp_bayer2grayscale_6:
  28 ???? 40000000 	.incbin "r_drp_simple_isp_bayer2grayscale_6.dat"
  28      646B3263 
  28      02000200 
  28      01000000 
  28      00000000 
  29              	
  30              	.balign 32
  31              	.global g_drp_lib_binarization_adaptive_bit
  32              	g_drp_lib_binarization_adaptive_bit:
  33 ???? 40000000 	.incbin "r_drp_binarization_adaptive_bit.dat"
  33      646B3263 
  33      02000200 
  33      01000000 
  33      00000000 
  34              	
  35              	.section ".rodata"
  36              	
  37              	.balign 32
  38              	.global g_drp_lib_reed_solomon
  39              	g_drp_lib_reed_solomon:
  40 ???? 40000000 	.incbin "r_drp_reed_solomon.dat"
  40      646B3263 
  40      02000200 
  40      01000000 
  40      00000000 
  41              	
  42              	.balign 32
  43              	.global g_drp_lib_image_rotate
  44              	g_drp_lib_reed_solomon:
  45 ???? 40000000 	.incbin "r_drp_image_rotate.dat"
  45      646B3263 
  45      02000200 
  45      01000000 
  45      00000000 
  46              	
  47              	.end
DEFINED SYMBOLS
../src/renesas/application/dat.asm:25     .data:0000000000000000 $d
../src/renesas/application/dat.asm:27     .data:0000000000000000 g_drp_lib_isp_bayer2grayscale_6
../src/renesas/application/dat.asm:32     .data:000000000005a2c0 g_drp_lib_binarization_adaptive_bit
../src/renesas/application/dat.asm:37     .rodata:0000000000000000 $d
../src/renesas/application/dat.asm:39     .rodata:0000000000000000 g_drp_lib_reed_solomon

UNDEFINED SYMBOLS
g_drp_lib_image_rotate
