   1              		.cpu cortex-a9
   2              		.eabi_attribute 28, 1
   3              		.eabi_attribute 20, 1
   4              		.eabi_attribute 21, 1
   5              		.eabi_attribute 23, 3
   6              		.eabi_attribute 24, 1
   7              		.eabi_attribute 25, 1
   8              		.eabi_attribute 26, 1
   9              		.eabi_attribute 30, 1
  10              		.eabi_attribute 34, 0
  11              		.eabi_attribute 18, 4
  12              		.file	"ReedSolomonException.cpp"
  13              		.text
  14              	.Ltext0:
  15              		.cfi_sections	.debug_frame
  16              		.section	.text._ZNK5zxing9Exception4whatEv,"axG",%progbits,_ZNK5zxing9Exception4whatEv,comdat
  17              		.align	2
  18              		.weak	_ZNK5zxing9Exception4whatEv
  19              		.syntax unified
  20              		.arm
  21              		.fpu neon
  23              	_ZNK5zxing9Exception4whatEv:
  24              		.fnstart
  25              	.LFB941:
  26              		.file 1 "/home/zkmike/workspace/RZA2M/rza2m_2d_barcode_sample_freertos_gcc/src/zxing_lib/zxing/Exc
   1:/home/zkmike/workspace/RZA2M/rza2m_2d_barcode_sample_freertos_gcc/src/zxing_lib/zxing/Exception.h **** // -*- mode:c++; tab-width:2; indent-tabs-mode:nil; c-basic-offset:2 -*-
   2:/home/zkmike/workspace/RZA2M/rza2m_2d_barcode_sample_freertos_gcc/src/zxing_lib/zxing/Exception.h **** #ifndef __EXCEPTION_H__
   3:/home/zkmike/workspace/RZA2M/rza2m_2d_barcode_sample_freertos_gcc/src/zxing_lib/zxing/Exception.h **** #define __EXCEPTION_H__
   4:/home/zkmike/workspace/RZA2M/rza2m_2d_barcode_sample_freertos_gcc/src/zxing_lib/zxing/Exception.h **** 
   5:/home/zkmike/workspace/RZA2M/rza2m_2d_barcode_sample_freertos_gcc/src/zxing_lib/zxing/Exception.h **** /*
   6:/home/zkmike/workspace/RZA2M/rza2m_2d_barcode_sample_freertos_gcc/src/zxing_lib/zxing/Exception.h ****  *  Exception.h
   7:/home/zkmike/workspace/RZA2M/rza2m_2d_barcode_sample_freertos_gcc/src/zxing_lib/zxing/Exception.h ****  *  ZXing
   8:/home/zkmike/workspace/RZA2M/rza2m_2d_barcode_sample_freertos_gcc/src/zxing_lib/zxing/Exception.h ****  *
   9:/home/zkmike/workspace/RZA2M/rza2m_2d_barcode_sample_freertos_gcc/src/zxing_lib/zxing/Exception.h ****  *  Copyright 2010 ZXing authors All rights reserved.
  10:/home/zkmike/workspace/RZA2M/rza2m_2d_barcode_sample_freertos_gcc/src/zxing_lib/zxing/Exception.h ****  *
  11:/home/zkmike/workspace/RZA2M/rza2m_2d_barcode_sample_freertos_gcc/src/zxing_lib/zxing/Exception.h ****  * Licensed under the Apache License, Version 2.0 (the "License");
  12:/home/zkmike/workspace/RZA2M/rza2m_2d_barcode_sample_freertos_gcc/src/zxing_lib/zxing/Exception.h ****  * you may not use this file except in compliance with the License.
  13:/home/zkmike/workspace/RZA2M/rza2m_2d_barcode_sample_freertos_gcc/src/zxing_lib/zxing/Exception.h ****  * You may obtain a copy of the License at
  14:/home/zkmike/workspace/RZA2M/rza2m_2d_barcode_sample_freertos_gcc/src/zxing_lib/zxing/Exception.h ****  *
  15:/home/zkmike/workspace/RZA2M/rza2m_2d_barcode_sample_freertos_gcc/src/zxing_lib/zxing/Exception.h ****  *      http://www.apache.org/licenses/LICENSE-2.0
  16:/home/zkmike/workspace/RZA2M/rza2m_2d_barcode_sample_freertos_gcc/src/zxing_lib/zxing/Exception.h ****  *
  17:/home/zkmike/workspace/RZA2M/rza2m_2d_barcode_sample_freertos_gcc/src/zxing_lib/zxing/Exception.h ****  * Unless required by applicable law or agreed to in writing, software
  18:/home/zkmike/workspace/RZA2M/rza2m_2d_barcode_sample_freertos_gcc/src/zxing_lib/zxing/Exception.h ****  * distributed under the License is distributed on an "AS IS" BASIS,
  19:/home/zkmike/workspace/RZA2M/rza2m_2d_barcode_sample_freertos_gcc/src/zxing_lib/zxing/Exception.h ****  * WITHOUT WARRANTIES OR CONDITIONS OF ANY KIND, either express or implied.
  20:/home/zkmike/workspace/RZA2M/rza2m_2d_barcode_sample_freertos_gcc/src/zxing_lib/zxing/Exception.h ****  * See the License for the specific language governing permissions and
  21:/home/zkmike/workspace/RZA2M/rza2m_2d_barcode_sample_freertos_gcc/src/zxing_lib/zxing/Exception.h ****  * limitations under the License.
  22:/home/zkmike/workspace/RZA2M/rza2m_2d_barcode_sample_freertos_gcc/src/zxing_lib/zxing/Exception.h ****  */
  23:/home/zkmike/workspace/RZA2M/rza2m_2d_barcode_sample_freertos_gcc/src/zxing_lib/zxing/Exception.h **** 
  24:/home/zkmike/workspace/RZA2M/rza2m_2d_barcode_sample_freertos_gcc/src/zxing_lib/zxing/Exception.h **** #include <string>
  25:/home/zkmike/workspace/RZA2M/rza2m_2d_barcode_sample_freertos_gcc/src/zxing_lib/zxing/Exception.h **** #include <exception>
  26:/home/zkmike/workspace/RZA2M/rza2m_2d_barcode_sample_freertos_gcc/src/zxing_lib/zxing/Exception.h **** 
  27:/home/zkmike/workspace/RZA2M/rza2m_2d_barcode_sample_freertos_gcc/src/zxing_lib/zxing/Exception.h **** namespace zxing {
  28:/home/zkmike/workspace/RZA2M/rza2m_2d_barcode_sample_freertos_gcc/src/zxing_lib/zxing/Exception.h **** 
  29:/home/zkmike/workspace/RZA2M/rza2m_2d_barcode_sample_freertos_gcc/src/zxing_lib/zxing/Exception.h **** class Exception : public std::exception {
  30:/home/zkmike/workspace/RZA2M/rza2m_2d_barcode_sample_freertos_gcc/src/zxing_lib/zxing/Exception.h **** private:
  31:/home/zkmike/workspace/RZA2M/rza2m_2d_barcode_sample_freertos_gcc/src/zxing_lib/zxing/Exception.h ****   char const* const message;
  32:/home/zkmike/workspace/RZA2M/rza2m_2d_barcode_sample_freertos_gcc/src/zxing_lib/zxing/Exception.h **** 
  33:/home/zkmike/workspace/RZA2M/rza2m_2d_barcode_sample_freertos_gcc/src/zxing_lib/zxing/Exception.h **** public:
  34:/home/zkmike/workspace/RZA2M/rza2m_2d_barcode_sample_freertos_gcc/src/zxing_lib/zxing/Exception.h ****   Exception() throw() : message(0) {}
  35:/home/zkmike/workspace/RZA2M/rza2m_2d_barcode_sample_freertos_gcc/src/zxing_lib/zxing/Exception.h ****   Exception(const char* msg) throw() : message(copy(msg)) {}
  36:/home/zkmike/workspace/RZA2M/rza2m_2d_barcode_sample_freertos_gcc/src/zxing_lib/zxing/Exception.h ****   Exception(Exception const& that) throw() : std::exception(that), message(copy(that.message)) {}
  37:/home/zkmike/workspace/RZA2M/rza2m_2d_barcode_sample_freertos_gcc/src/zxing_lib/zxing/Exception.h ****   ~Exception() throw() {
  38:/home/zkmike/workspace/RZA2M/rza2m_2d_barcode_sample_freertos_gcc/src/zxing_lib/zxing/Exception.h ****     if(message) {
  39:/home/zkmike/workspace/RZA2M/rza2m_2d_barcode_sample_freertos_gcc/src/zxing_lib/zxing/Exception.h ****       deleteMessage();
  40:/home/zkmike/workspace/RZA2M/rza2m_2d_barcode_sample_freertos_gcc/src/zxing_lib/zxing/Exception.h ****     }
  41:/home/zkmike/workspace/RZA2M/rza2m_2d_barcode_sample_freertos_gcc/src/zxing_lib/zxing/Exception.h ****   }
  42:/home/zkmike/workspace/RZA2M/rza2m_2d_barcode_sample_freertos_gcc/src/zxing_lib/zxing/Exception.h ****   char const* what() const throw() {return message ? message : "";}
  27              		.loc 1 42 0
  28              		.cfi_startproc
  29              		@ args = 0, pretend = 0, frame = 0
  30              		@ frame_needed = 0, uses_anonymous_args = 0
  31              		@ link register save eliminated.
  32              	.LVL0:
  33              		.loc 1 42 0
  34 0000 040090E5 		ldr	r0, [r0, #4]
  35              	.LVL1:
  36 0004 000050E3 		cmp	r0, #0
  37 0008 1EFF2F11 		bxne	lr
  38 000c 000000E3 		movw	r0, #:lower16:.LC0
  39 0010 000040E3 		movt	r0, #:upper16:.LC0
  40 0014 1EFF2FE1 		bx	lr
  41              		.cfi_endproc
  42              	.LFE941:
  43              		.cantunwind
  44              		.fnend
  46              		.section	.text._ZN5zxing9ExceptionD2Ev,"axG",%progbits,_ZN5zxing9ExceptionD5Ev,comdat
  47              		.align	2
  48              		.weak	_ZN5zxing9ExceptionD2Ev
  49              		.syntax unified
  50              		.arm
  51              		.fpu neon
  53              	_ZN5zxing9ExceptionD2Ev:
  54              		.fnstart
  55              	.LFB938:
  37:/home/zkmike/workspace/RZA2M/rza2m_2d_barcode_sample_freertos_gcc/src/zxing_lib/zxing/Exception.h ****     if(message) {
  56              		.loc 1 37 0
  57              		.cfi_startproc
  58              		.cfi_personality 0,__gxx_personality_v0
  59              		.cfi_lsda 0,.LLSDA938
  60              		@ args = 0, pretend = 0, frame = 0
  61              		@ frame_needed = 0, uses_anonymous_args = 0
  62              	.LVL2:
  63 0000 70402DE9 		push	{r4, r5, r6, lr}
  64              		.save {r4, r5, r6, lr}
  65              		.cfi_def_cfa_offset 16
  66              		.cfi_offset 4, -16
  67              		.cfi_offset 5, -12
  68              		.cfi_offset 6, -8
  69              		.cfi_offset 14, -4
  70 0004 0040A0E1 		mov	r4, r0
  71              	.LBB7:
  37:/home/zkmike/workspace/RZA2M/rza2m_2d_barcode_sample_freertos_gcc/src/zxing_lib/zxing/Exception.h ****     if(message) {
  72              		.loc 1 37 0
  73 0008 48309FE5 		ldr	r3, .L10
  74 000c 003080E5 		str	r3, [r0]
  38:/home/zkmike/workspace/RZA2M/rza2m_2d_barcode_sample_freertos_gcc/src/zxing_lib/zxing/Exception.h ****       deleteMessage();
  75              		.loc 1 38 0
  76 0010 043090E5 		ldr	r3, [r0, #4]
  77 0014 000053E3 		cmp	r3, #0
  78 0018 0A00000A 		beq	.L4
  79              	.LEHB0:
  39:/home/zkmike/workspace/RZA2M/rza2m_2d_barcode_sample_freertos_gcc/src/zxing_lib/zxing/Exception.h ****     }
  80              		.loc 1 39 0
  81 001c FEFFFFEB 		bl	_ZN5zxing9Exception13deleteMessageEv
  82              	.LVL3:
  83              	.LEHE0:
  84 0020 080000EA 		b	.L4
  85              	.L7:
  86 0024 0050A0E1 		mov	r5, r0
  87 0028 0160A0E1 		mov	r6, r1
  37:/home/zkmike/workspace/RZA2M/rza2m_2d_barcode_sample_freertos_gcc/src/zxing_lib/zxing/Exception.h ****     if(message) {
  88              		.loc 1 37 0
  89 002c 0400A0E1 		mov	r0, r4
  90 0030 FEFFFFEB 		bl	_ZNSt9exceptionD2Ev
  91              	.LVL4:
  92 0034 010076E3 		cmn	r6, #1
  93 0038 0000000A 		beq	.L6
  94              	.LEHB1:
  95 003c FEFFFFEB 		bl	__cxa_end_cleanup
  96              	.LVL5:
  97              	.L6:
  98              	.LBE7:
  99 0040 0500A0E1 		mov	r0, r5
 100 0044 FEFFFFEB 		bl	__cxa_call_unexpected
 101              	.LVL6:
 102              	.LEHE1:
 103              	.L4:
 104              	.LBB8:
 105 0048 0400A0E1 		mov	r0, r4
 106 004c FEFFFFEB 		bl	_ZNSt9exceptionD2Ev
 107              	.LVL7:
 108              	.LBE8:
  41:/home/zkmike/workspace/RZA2M/rza2m_2d_barcode_sample_freertos_gcc/src/zxing_lib/zxing/Exception.h ****   char const* what() const throw() {return message ? message : "";}
 109              		.loc 1 41 0
 110 0050 0400A0E1 		mov	r0, r4
 111 0054 7080BDE8 		pop	{r4, r5, r6, pc}
 112              	.L11:
 113              		.align	2
 114              	.L10:
 115 0058 08000000 		.word	_ZTVN5zxing9ExceptionE+8
 116              		.cfi_endproc
 117              	.LFE938:
 118              		.global	__gxx_personality_v0
 119              		.personality	__gxx_personality_v0
 120              		.handlerdata
 121              		.align	2
 122              	.LLSDA938:
 123 0008 FF       		.byte	0xff
 124 0009 10       		.byte	0x10
 125 000a 11       		.uleb128 .LLSDATT938-.LLSDATTD938
 126              	.LLSDATTD938:
 127 000b 01       		.byte	0x1
 128 000c 08       		.uleb128 .LLSDACSE938-.LLSDACSB938
 129              	.LLSDACSB938:
 130 000d 1C       		.uleb128 .LEHB0-.LFB938
 131 000e 04       		.uleb128 .LEHE0-.LEHB0
 132 000f 24       		.uleb128 .L7-.LFB938
 133 0010 03       		.uleb128 0x3
 134 0011 3C       		.uleb128 .LEHB1-.LFB938
 135 0012 0C       		.uleb128 .LEHE1-.LEHB1
 136 0013 00       		.uleb128 0
 137 0014 00       		.uleb128 0
 138              	.LLSDACSE938:
 139 0015 7F       		.byte	0x7f
 140 0016 00       		.byte	0
 141 0017 00       		.byte	0
 142 0018 7D       		.byte	0x7d
 143 0019 000000   		.align	2
 144              	.LLSDATT938:
 145 001c 00000000 		.word	0
 146              		.section	.text._ZN5zxing9ExceptionD2Ev,"axG",%progbits,_ZN5zxing9ExceptionD5Ev,comdat
 147              		.fnend
 149              		.weak	_ZN5zxing9ExceptionD1Ev
 150              		.set	_ZN5zxing9ExceptionD1Ev,_ZN5zxing9ExceptionD2Ev
 151              		.section	.text._ZN5zxing20ReedSolomonExceptionD2Ev,"ax",%progbits
 152              		.align	2
 153              		.global	_ZN5zxing20ReedSolomonExceptionD2Ev
 154              		.syntax unified
 155              		.arm
 156              		.fpu neon
 158              	_ZN5zxing20ReedSolomonExceptionD2Ev:
 159              		.fnstart
 160              	.LFB946:
 161              		.file 2 "../src/zxing_lib/zxing/common/reedsolomon/ReedSolomonException.cpp"
   1:../src/zxing_lib/zxing/common/reedsolomon/ReedSolomonException.cpp **** /*
   2:../src/zxing_lib/zxing/common/reedsolomon/ReedSolomonException.cpp ****  *  ReedSolomonException.cpp
   3:../src/zxing_lib/zxing/common/reedsolomon/ReedSolomonException.cpp ****  *  zxing
   4:../src/zxing_lib/zxing/common/reedsolomon/ReedSolomonException.cpp ****  *
   5:../src/zxing_lib/zxing/common/reedsolomon/ReedSolomonException.cpp ****  *  Created by Christian Brunschen on 06/05/2008.
   6:../src/zxing_lib/zxing/common/reedsolomon/ReedSolomonException.cpp ****  *  Copyright 2008 Google UK. All rights reserved.
   7:../src/zxing_lib/zxing/common/reedsolomon/ReedSolomonException.cpp ****  *
   8:../src/zxing_lib/zxing/common/reedsolomon/ReedSolomonException.cpp ****  * Licensed under the Apache License, Version 2.0 (the "License");
   9:../src/zxing_lib/zxing/common/reedsolomon/ReedSolomonException.cpp ****  * you may not use this file except in compliance with the License.
  10:../src/zxing_lib/zxing/common/reedsolomon/ReedSolomonException.cpp ****  * You may obtain a copy of the License at
  11:../src/zxing_lib/zxing/common/reedsolomon/ReedSolomonException.cpp ****  *
  12:../src/zxing_lib/zxing/common/reedsolomon/ReedSolomonException.cpp ****  *      http://www.apache.org/licenses/LICENSE-2.0
  13:../src/zxing_lib/zxing/common/reedsolomon/ReedSolomonException.cpp ****  *
  14:../src/zxing_lib/zxing/common/reedsolomon/ReedSolomonException.cpp ****  * Unless required by applicable law or agreed to in writing, software
  15:../src/zxing_lib/zxing/common/reedsolomon/ReedSolomonException.cpp ****  * distributed under the License is distributed on an "AS IS" BASIS,
  16:../src/zxing_lib/zxing/common/reedsolomon/ReedSolomonException.cpp ****  * WITHOUT WARRANTIES OR CONDITIONS OF ANY KIND, either express or implied.
  17:../src/zxing_lib/zxing/common/reedsolomon/ReedSolomonException.cpp ****  * See the License for the specific language governing permissions and
  18:../src/zxing_lib/zxing/common/reedsolomon/ReedSolomonException.cpp ****  * limitations under the License.
  19:../src/zxing_lib/zxing/common/reedsolomon/ReedSolomonException.cpp ****  */
  20:../src/zxing_lib/zxing/common/reedsolomon/ReedSolomonException.cpp **** 
  21:../src/zxing_lib/zxing/common/reedsolomon/ReedSolomonException.cpp **** #include <zxing/common/reedsolomon/ReedSolomonException.h>
  22:../src/zxing_lib/zxing/common/reedsolomon/ReedSolomonException.cpp **** 
  23:../src/zxing_lib/zxing/common/reedsolomon/ReedSolomonException.cpp **** namespace zxing {
  24:../src/zxing_lib/zxing/common/reedsolomon/ReedSolomonException.cpp **** ReedSolomonException::ReedSolomonException(const char *msg) throw() :
  25:../src/zxing_lib/zxing/common/reedsolomon/ReedSolomonException.cpp ****     Exception(msg) {
  26:../src/zxing_lib/zxing/common/reedsolomon/ReedSolomonException.cpp **** }
  27:../src/zxing_lib/zxing/common/reedsolomon/ReedSolomonException.cpp **** ReedSolomonException::~ReedSolomonException() throw() {
 162              		.loc 2 27 0
 163              		.cfi_startproc
 164              		.cfi_personality 0,__gxx_personality_v0
 165              		.cfi_lsda 0,.LLSDA946
 166              		@ args = 0, pretend = 0, frame = 0
 167              		@ frame_needed = 0, uses_anonymous_args = 0
 168              	.LVL8:
 169 0000 70402DE9 		push	{r4, r5, r6, lr}
 170              		.save {r4, r5, r6, lr}
 171              		.cfi_def_cfa_offset 16
 172              		.cfi_offset 4, -16
 173              		.cfi_offset 5, -12
 174              		.cfi_offset 6, -8
 175              		.cfi_offset 14, -4
 176 0004 0040A0E1 		mov	r4, r0
 177              	.LVL9:
 178              	.LBB13:
 179              	.LBB14:
 180              	.LBB15:
 181              	.LBB16:
  37:/home/zkmike/workspace/RZA2M/rza2m_2d_barcode_sample_freertos_gcc/src/zxing_lib/zxing/Exception.h ****     if(message) {
 182              		.loc 1 37 0
 183 0008 48309FE5 		ldr	r3, .L19
 184 000c 003080E5 		str	r3, [r0]
  38:/home/zkmike/workspace/RZA2M/rza2m_2d_barcode_sample_freertos_gcc/src/zxing_lib/zxing/Exception.h ****       deleteMessage();
 185              		.loc 1 38 0
 186 0010 043090E5 		ldr	r3, [r0, #4]
 187 0014 000053E3 		cmp	r3, #0
 188 0018 0A00000A 		beq	.L13
 189              	.LEHB2:
  39:/home/zkmike/workspace/RZA2M/rza2m_2d_barcode_sample_freertos_gcc/src/zxing_lib/zxing/Exception.h ****     }
 190              		.loc 1 39 0
 191 001c FEFFFFEB 		bl	_ZN5zxing9Exception13deleteMessageEv
 192              	.LVL10:
 193              	.LEHE2:
 194 0020 080000EA 		b	.L13
 195              	.L16:
 196 0024 0050A0E1 		mov	r5, r0
 197 0028 0160A0E1 		mov	r6, r1
  37:/home/zkmike/workspace/RZA2M/rza2m_2d_barcode_sample_freertos_gcc/src/zxing_lib/zxing/Exception.h ****     if(message) {
 198              		.loc 1 37 0
 199 002c 0400A0E1 		mov	r0, r4
 200 0030 FEFFFFEB 		bl	_ZNSt9exceptionD2Ev
 201              	.LVL11:
 202 0034 010076E3 		cmn	r6, #1
 203 0038 0000000A 		beq	.L15
 204              	.LEHB3:
 205 003c FEFFFFEB 		bl	__cxa_end_cleanup
 206              	.LVL12:
 207              	.L15:
 208              	.LBE16:
 209 0040 0500A0E1 		mov	r0, r5
 210 0044 FEFFFFEB 		bl	__cxa_call_unexpected
 211              	.LVL13:
 212              	.LEHE3:
 213              	.L13:
 214              	.LBB17:
 215 0048 0400A0E1 		mov	r0, r4
 216 004c FEFFFFEB 		bl	_ZNSt9exceptionD2Ev
 217              	.LVL14:
 218              	.LBE17:
 219              	.LBE15:
 220              	.LBE14:
 221              	.LBE13:
  28:../src/zxing_lib/zxing/common/reedsolomon/ReedSolomonException.cpp **** }
 222              		.loc 2 28 0
 223 0050 0400A0E1 		mov	r0, r4
 224 0054 7080BDE8 		pop	{r4, r5, r6, pc}
 225              	.L20:
 226              		.align	2
 227              	.L19:
 228 0058 08000000 		.word	_ZTVN5zxing9ExceptionE+8
 229              		.cfi_endproc
 230              	.LFE946:
 231              		.personality	__gxx_personality_v0
 232              		.handlerdata
 233              		.align	2
 234              	.LLSDA946:
 235 0008 FF       		.byte	0xff
 236 0009 10       		.byte	0x10
 237 000a 11       		.uleb128 .LLSDATT946-.LLSDATTD946
 238              	.LLSDATTD946:
 239 000b 01       		.byte	0x1
 240 000c 08       		.uleb128 .LLSDACSE946-.LLSDACSB946
 241              	.LLSDACSB946:
 242 000d 1C       		.uleb128 .LEHB2-.LFB946
 243 000e 04       		.uleb128 .LEHE2-.LEHB2
 244 000f 24       		.uleb128 .L16-.LFB946
 245 0010 03       		.uleb128 0x3
 246 0011 3C       		.uleb128 .LEHB3-.LFB946
 247 0012 0C       		.uleb128 .LEHE3-.LEHB3
 248 0013 00       		.uleb128 0
 249 0014 00       		.uleb128 0
 250              	.LLSDACSE946:
 251 0015 7F       		.byte	0x7f
 252 0016 00       		.byte	0
 253 0017 00       		.byte	0
 254 0018 7D       		.byte	0x7d
 255 0019 000000   		.align	2
 256              	.LLSDATT946:
 257 001c 00000000 		.word	0
 258              		.section	.text._ZN5zxing20ReedSolomonExceptionD2Ev
 259              		.fnend
 261              		.global	_ZN5zxing20ReedSolomonExceptionD1Ev
 262              		.set	_ZN5zxing20ReedSolomonExceptionD1Ev,_ZN5zxing20ReedSolomonExceptionD2Ev
 263              		.section	.text._ZN5zxing20ReedSolomonExceptionD0Ev,"ax",%progbits
 264              		.align	2
 265              		.global	_ZN5zxing20ReedSolomonExceptionD0Ev
 266              		.syntax unified
 267              		.arm
 268              		.fpu neon
 270              	_ZN5zxing20ReedSolomonExceptionD0Ev:
 271              		.fnstart
 272              	.LFB948:
  27:../src/zxing_lib/zxing/common/reedsolomon/ReedSolomonException.cpp **** }
 273              		.loc 2 27 0
 274              		.cfi_startproc
 275              		@ args = 0, pretend = 0, frame = 0
 276              		@ frame_needed = 0, uses_anonymous_args = 0
 277              	.LVL15:
 278 0000 10402DE9 		push	{r4, lr}
 279              		.cfi_def_cfa_offset 8
 280              		.cfi_offset 4, -8
 281              		.cfi_offset 14, -4
 282 0004 0040A0E1 		mov	r4, r0
 283              		.loc 2 28 0
 284 0008 FEFFFFEB 		bl	_ZN5zxing20ReedSolomonExceptionD1Ev
 285              	.LVL16:
 286 000c 0810A0E3 		mov	r1, #8
 287 0010 0400A0E1 		mov	r0, r4
 288 0014 FEFFFFEB 		bl	_ZdlPvj
 289              	.LVL17:
 290 0018 0400A0E1 		mov	r0, r4
 291 001c 1080BDE8 		pop	{r4, pc}
 292              		.cfi_endproc
 293              	.LFE948:
 294              		.cantunwind
 295              		.fnend
 297              		.section	.text._ZN5zxing9ExceptionD0Ev,"axG",%progbits,_ZN5zxing9ExceptionD5Ev,comdat
 298              		.align	2
 299              		.weak	_ZN5zxing9ExceptionD0Ev
 300              		.syntax unified
 301              		.arm
 302              		.fpu neon
 304              	_ZN5zxing9ExceptionD0Ev:
 305              		.fnstart
 306              	.LFB940:
  37:/home/zkmike/workspace/RZA2M/rza2m_2d_barcode_sample_freertos_gcc/src/zxing_lib/zxing/Exception.h ****     if(message) {
 307              		.loc 1 37 0
 308              		.cfi_startproc
 309              		.cfi_personality 0,__gxx_personality_v0
 310              		.cfi_lsda 0,.LLSDA940
 311              		@ args = 0, pretend = 0, frame = 0
 312              		@ frame_needed = 0, uses_anonymous_args = 0
 313              	.LVL18:
 314 0000 70402DE9 		push	{r4, r5, r6, lr}
 315              		.save {r4, r5, r6, lr}
 316              		.cfi_def_cfa_offset 16
 317              		.cfi_offset 4, -16
 318              		.cfi_offset 5, -12
 319              		.cfi_offset 6, -8
 320              		.cfi_offset 14, -4
 321 0004 0040A0E1 		mov	r4, r0
 322              	.LVL19:
 323              	.LBB21:
 324              	.LBB22:
 325              	.LBB23:
  37:/home/zkmike/workspace/RZA2M/rza2m_2d_barcode_sample_freertos_gcc/src/zxing_lib/zxing/Exception.h ****     if(message) {
 326              		.loc 1 37 0
 327 0008 54309FE5 		ldr	r3, .L30
 328 000c 003080E5 		str	r3, [r0]
  38:/home/zkmike/workspace/RZA2M/rza2m_2d_barcode_sample_freertos_gcc/src/zxing_lib/zxing/Exception.h ****       deleteMessage();
 329              		.loc 1 38 0
 330 0010 043090E5 		ldr	r3, [r0, #4]
 331 0014 000053E3 		cmp	r3, #0
 332 0018 0A00000A 		beq	.L24
 333              	.LEHB4:
  39:/home/zkmike/workspace/RZA2M/rza2m_2d_barcode_sample_freertos_gcc/src/zxing_lib/zxing/Exception.h ****     }
 334              		.loc 1 39 0
 335 001c FEFFFFEB 		bl	_ZN5zxing9Exception13deleteMessageEv
 336              	.LVL20:
 337              	.LEHE4:
 338 0020 080000EA 		b	.L24
 339              	.L27:
 340 0024 0050A0E1 		mov	r5, r0
 341 0028 0160A0E1 		mov	r6, r1
  37:/home/zkmike/workspace/RZA2M/rza2m_2d_barcode_sample_freertos_gcc/src/zxing_lib/zxing/Exception.h ****     if(message) {
 342              		.loc 1 37 0
 343 002c 0400A0E1 		mov	r0, r4
 344 0030 FEFFFFEB 		bl	_ZNSt9exceptionD2Ev
 345              	.LVL21:
 346 0034 010076E3 		cmn	r6, #1
 347 0038 0000000A 		beq	.L26
 348              	.LEHB5:
 349 003c FEFFFFEB 		bl	__cxa_end_cleanup
 350              	.LVL22:
 351              	.L26:
 352              	.LBE23:
 353 0040 0500A0E1 		mov	r0, r5
 354 0044 FEFFFFEB 		bl	__cxa_call_unexpected
 355              	.LVL23:
 356              	.LEHE5:
 357              	.L24:
 358              	.LBB24:
 359 0048 0400A0E1 		mov	r0, r4
 360 004c FEFFFFEB 		bl	_ZNSt9exceptionD2Ev
 361              	.LVL24:
 362              	.LBE24:
 363              	.LBE22:
 364              	.LBE21:
  41:/home/zkmike/workspace/RZA2M/rza2m_2d_barcode_sample_freertos_gcc/src/zxing_lib/zxing/Exception.h ****   char const* what() const throw() {return message ? message : "";}
 365              		.loc 1 41 0
 366 0050 0810A0E3 		mov	r1, #8
 367 0054 0400A0E1 		mov	r0, r4
 368 0058 FEFFFFEB 		bl	_ZdlPvj
 369              	.LVL25:
 370 005c 0400A0E1 		mov	r0, r4
 371 0060 7080BDE8 		pop	{r4, r5, r6, pc}
 372              	.L31:
 373              		.align	2
 374              	.L30:
 375 0064 08000000 		.word	_ZTVN5zxing9ExceptionE+8
 376              		.cfi_endproc
 377              	.LFE940:
 378              		.personality	__gxx_personality_v0
 379              		.handlerdata
 380              		.align	2
 381              	.LLSDA940:
 382 0008 FF       		.byte	0xff
 383 0009 10       		.byte	0x10
 384 000a 11       		.uleb128 .LLSDATT940-.LLSDATTD940
 385              	.LLSDATTD940:
 386 000b 01       		.byte	0x1
 387 000c 08       		.uleb128 .LLSDACSE940-.LLSDACSB940
 388              	.LLSDACSB940:
 389 000d 1C       		.uleb128 .LEHB4-.LFB940
 390 000e 04       		.uleb128 .LEHE4-.LEHB4
 391 000f 24       		.uleb128 .L27-.LFB940
 392 0010 03       		.uleb128 0x3
 393 0011 3C       		.uleb128 .LEHB5-.LFB940
 394 0012 0C       		.uleb128 .LEHE5-.LEHB5
 395 0013 00       		.uleb128 0
 396 0014 00       		.uleb128 0
 397              	.LLSDACSE940:
 398 0015 7F       		.byte	0x7f
 399 0016 00       		.byte	0
 400 0017 00       		.byte	0
 401 0018 7D       		.byte	0x7d
 402 0019 000000   		.align	2
 403              	.LLSDATT940:
 404 001c 00000000 		.word	0
 405              		.section	.text._ZN5zxing9ExceptionD0Ev,"axG",%progbits,_ZN5zxing9ExceptionD5Ev,comdat
 406              		.fnend
 408              		.section	.text._ZN5zxing20ReedSolomonExceptionC2EPKc,"ax",%progbits
 409              		.align	2
 410              		.global	_ZN5zxing20ReedSolomonExceptionC2EPKc
 411              		.syntax unified
 412              		.arm
 413              		.fpu neon
 415              	_ZN5zxing20ReedSolomonExceptionC2EPKc:
 416              		.fnstart
 417              	.LFB943:
  24:../src/zxing_lib/zxing/common/reedsolomon/ReedSolomonException.cpp ****     Exception(msg) {
 418              		.loc 2 24 0
 419              		.cfi_startproc
 420              		.cfi_personality 0,__gxx_personality_v0
 421              		.cfi_lsda 0,.LLSDA943
 422              		@ args = 0, pretend = 0, frame = 0
 423              		@ frame_needed = 0, uses_anonymous_args = 0
 424              	.LVL26:
 425 0000 70402DE9 		push	{r4, r5, r6, lr}
 426              		.save {r4, r5, r6, lr}
 427              		.cfi_def_cfa_offset 16
 428              		.cfi_offset 4, -16
 429              		.cfi_offset 5, -12
 430              		.cfi_offset 6, -8
 431              		.cfi_offset 14, -4
 432 0004 0040A0E1 		mov	r4, r0
 433              	.LVL27:
 434              	.LBB31:
 435              	.LBB32:
 436              	.LBB33:
 437              	.LBB34:
  35:/home/zkmike/workspace/RZA2M/rza2m_2d_barcode_sample_freertos_gcc/src/zxing_lib/zxing/Exception.h ****   Exception(Exception const& that) throw() : std::exception(that), message(copy(that.message)) {}
 438              		.loc 1 35 0
 439 0008 44309FE5 		ldr	r3, .L40
 440 000c 003080E5 		str	r3, [r0]
 441 0010 0100A0E1 		mov	r0, r1
 442              	.LVL28:
 443              	.LEHB6:
 444 0014 FEFFFFEB 		bl	_ZN5zxing9Exception4copyEPKc
 445              	.LVL29:
 446              	.LEHE6:
 447 0018 080000EA 		b	.L39
 448              	.L35:
 449 001c 0050A0E1 		mov	r5, r0
 450 0020 0160A0E1 		mov	r6, r1
 451 0024 0400A0E1 		mov	r0, r4
 452 0028 FEFFFFEB 		bl	_ZNSt9exceptionD2Ev
 453              	.LVL30:
 454 002c 010076E3 		cmn	r6, #1
 455 0030 0000000A 		beq	.L34
 456              	.LEHB7:
 457 0034 FEFFFFEB 		bl	__cxa_end_cleanup
 458              	.LVL31:
 459              	.L34:
 460              	.LBE34:
 461 0038 0500A0E1 		mov	r0, r5
 462 003c FEFFFFEB 		bl	__cxa_call_unexpected
 463              	.LVL32:
 464              	.LEHE7:
 465              	.L39:
 466              	.LBB35:
 467 0040 040084E5 		str	r0, [r4, #4]
 468              	.LVL33:
 469              	.LBE35:
 470              	.LBE33:
 471              	.LBE32:
  25:../src/zxing_lib/zxing/common/reedsolomon/ReedSolomonException.cpp **** }
 472              		.loc 2 25 0
 473 0044 0C309FE5 		ldr	r3, .L40+4
 474 0048 003084E5 		str	r3, [r4]
 475              	.LBE31:
  26:../src/zxing_lib/zxing/common/reedsolomon/ReedSolomonException.cpp **** ReedSolomonException::~ReedSolomonException() throw() {
 476              		.loc 2 26 0
 477 004c 0400A0E1 		mov	r0, r4
 478 0050 7080BDE8 		pop	{r4, r5, r6, pc}
 479              	.L41:
 480              		.align	2
 481              	.L40:
 482 0054 08000000 		.word	_ZTVN5zxing9ExceptionE+8
 483 0058 08000000 		.word	.LANCHOR0+8
 484              		.cfi_endproc
 485              	.LFE943:
 486              		.personality	__gxx_personality_v0
 487              		.handlerdata
 488              		.align	2
 489              	.LLSDA943:
 490 0008 FF       		.byte	0xff
 491 0009 10       		.byte	0x10
 492 000a 11       		.uleb128 .LLSDATT943-.LLSDATTD943
 493              	.LLSDATTD943:
 494 000b 01       		.byte	0x1
 495 000c 08       		.uleb128 .LLSDACSE943-.LLSDACSB943
 496              	.LLSDACSB943:
 497 000d 14       		.uleb128 .LEHB6-.LFB943
 498 000e 04       		.uleb128 .LEHE6-.LEHB6
 499 000f 1C       		.uleb128 .L35-.LFB943
 500 0010 03       		.uleb128 0x3
 501 0011 34       		.uleb128 .LEHB7-.LFB943
 502 0012 0C       		.uleb128 .LEHE7-.LEHB7
 503 0013 00       		.uleb128 0
 504 0014 00       		.uleb128 0
 505              	.LLSDACSE943:
 506 0015 7F       		.byte	0x7f
 507 0016 00       		.byte	0
 508 0017 00       		.byte	0
 509 0018 7D       		.byte	0x7d
 510 0019 000000   		.align	2
 511              	.LLSDATT943:
 512 001c 00000000 		.word	0
 513              		.section	.text._ZN5zxing20ReedSolomonExceptionC2EPKc
 514              		.fnend
 516              		.global	_ZN5zxing20ReedSolomonExceptionC1EPKc
 517              		.set	_ZN5zxing20ReedSolomonExceptionC1EPKc,_ZN5zxing20ReedSolomonExceptionC2EPKc
 518              		.weak	_ZTSN5zxing9ExceptionE
 519              		.section	.rodata._ZTSN5zxing9ExceptionE,"aG",%progbits,_ZTSN5zxing9ExceptionE,comdat
 520              		.align	2
 523              	_ZTSN5zxing9ExceptionE:
 524 0000 4E357A78 		.ascii	"N5zxing9ExceptionE\000"
 524      696E6739 
 524      45786365 
 524      7074696F 
 524      6E4500
 525              		.weak	_ZTIN5zxing9ExceptionE
 526              		.section	.rodata._ZTIN5zxing9ExceptionE,"aG",%progbits,_ZTIN5zxing9ExceptionE,comdat
 527              		.align	2
 530              	_ZTIN5zxing9ExceptionE:
 531 0000 08000000 		.word	_ZTVN10__cxxabiv120__si_class_type_infoE+8
 532 0004 00000000 		.word	_ZTSN5zxing9ExceptionE
 533 0008 00000000 		.word	_ZTISt9exception
 534              		.global	_ZTSN5zxing20ReedSolomonExceptionE
 535              		.global	_ZTIN5zxing20ReedSolomonExceptionE
 536              		.weak	_ZTVN5zxing9ExceptionE
 537              		.section	.rodata._ZTVN5zxing9ExceptionE,"aG",%progbits,_ZTVN5zxing9ExceptionE,comdat
 538              		.align	2
 541              	_ZTVN5zxing9ExceptionE:
 542 0000 00000000 		.word	0
 543 0004 00000000 		.word	_ZTIN5zxing9ExceptionE
 544 0008 00000000 		.word	_ZN5zxing9ExceptionD1Ev
 545 000c 00000000 		.word	_ZN5zxing9ExceptionD0Ev
 546 0010 00000000 		.word	_ZNK5zxing9Exception4whatEv
 547              		.global	_ZTVN5zxing20ReedSolomonExceptionE
 548              		.section	.rodata._ZNK5zxing9Exception4whatEv.str1.4,"aMS",%progbits,1
 549              		.align	2
 550              	.LC0:
 551 0000 00       		.ascii	"\000"
 552              		.section	.rodata._ZTIN5zxing20ReedSolomonExceptionE,"a",%progbits
 553              		.align	2
 556              	_ZTIN5zxing20ReedSolomonExceptionE:
 557 0000 08000000 		.word	_ZTVN10__cxxabiv120__si_class_type_infoE+8
 558 0004 00000000 		.word	_ZTSN5zxing20ReedSolomonExceptionE
 559 0008 00000000 		.word	_ZTIN5zxing9ExceptionE
 560              		.section	.rodata._ZTSN5zxing20ReedSolomonExceptionE,"a",%progbits
 561              		.align	2
 564              	_ZTSN5zxing20ReedSolomonExceptionE:
 565 0000 4E357A78 		.ascii	"N5zxing20ReedSolomonExceptionE\000"
 565      696E6732 
 565      30526565 
 565      64536F6C 
 565      6F6D6F6E 
 566              		.section	.rodata._ZTVN5zxing20ReedSolomonExceptionE,"a",%progbits
 567              		.align	2
 568              		.set	.LANCHOR0,. + 0
 571              	_ZTVN5zxing20ReedSolomonExceptionE:
 572 0000 00000000 		.word	0
 573 0004 00000000 		.word	_ZTIN5zxing20ReedSolomonExceptionE
 574 0008 00000000 		.word	_ZN5zxing20ReedSolomonExceptionD1Ev
 575 000c 00000000 		.word	_ZN5zxing20ReedSolomonExceptionD0Ev
 576 0010 00000000 		.word	_ZNK5zxing9Exception4whatEv
 577              		.text
 578              	.Letext0:
 579              		.file 3 "/home/zkmike/.local/share/renesas/e2_studio/toolchains/gcc_arm/gcc-arm-none-eabi-6-2017-q
 580              		.file 4 "/home/zkmike/.local/share/renesas/e2_studio/toolchains/gcc_arm/gcc-arm-none-eabi-6-2017-q
 581              		.file 5 "/home/zkmike/.local/share/renesas/e2_studio/toolchains/gcc_arm/gcc-arm-none-eabi-6-2017-q
 582              		.file 6 "/home/zkmike/.local/share/renesas/e2_studio/toolchains/gcc_arm/gcc-arm-none-eabi-6-2017-q
 583              		.file 7 "/home/zkmike/.local/share/renesas/e2_studio/toolchains/gcc_arm/gcc-arm-none-eabi-6-2017-q
 584              		.file 8 "/home/zkmike/.local/share/renesas/e2_studio/toolchains/gcc_arm/gcc-arm-none-eabi-6-2017-q
 585              		.file 9 "/home/zkmike/.local/share/renesas/e2_studio/toolchains/gcc_arm/gcc-arm-none-eabi-6-2017-q
 586              		.file 10 "/home/zkmike/.local/share/renesas/e2_studio/toolchains/gcc_arm/gcc-arm-none-eabi-6-2017-
 587              		.file 11 "/home/zkmike/.local/share/renesas/e2_studio/toolchains/gcc_arm/gcc-arm-none-eabi-6-2017-
 588              		.file 12 "/home/zkmike/.local/share/renesas/e2_studio/toolchains/gcc_arm/gcc-arm-none-eabi-6-2017-
 589              		.file 13 "/home/zkmike/.local/share/renesas/e2_studio/toolchains/gcc_arm/gcc-arm-none-eabi-6-2017-
 590              		.file 14 "/home/zkmike/.local/share/renesas/e2_studio/toolchains/gcc_arm/gcc-arm-none-eabi-6-2017-
 591              		.file 15 "/home/zkmike/.local/share/renesas/e2_studio/toolchains/gcc_arm/gcc-arm-none-eabi-6-2017-
 592              		.file 16 "/home/zkmike/.local/share/renesas/e2_studio/toolchains/gcc_arm/gcc-arm-none-eabi-6-2017-
 593              		.file 17 "/home/zkmike/.local/share/renesas/e2_studio/toolchains/gcc_arm/gcc-arm-none-eabi-6-2017-
 594              		.file 18 "/home/zkmike/.local/share/renesas/e2_studio/toolchains/gcc_arm/gcc-arm-none-eabi-6-2017-
 595              		.file 19 "/home/zkmike/.local/share/renesas/e2_studio/toolchains/gcc_arm/gcc-arm-none-eabi-6-2017-
 596              		.file 20 "/home/zkmike/.local/share/renesas/e2_studio/toolchains/gcc_arm/gcc-arm-none-eabi-6-2017-
 597              		.file 21 "/home/zkmike/.local/share/renesas/e2_studio/toolchains/gcc_arm/gcc-arm-none-eabi-6-2017-
 598              		.file 22 "/home/zkmike/.local/share/renesas/e2_studio/toolchains/gcc_arm/gcc-arm-none-eabi-6-2017-
 599              		.file 23 "/home/zkmike/.local/share/renesas/e2_studio/toolchains/gcc_arm/gcc-arm-none-eabi-6-2017-
 600              		.file 24 "/home/zkmike/.local/share/renesas/e2_studio/toolchains/gcc_arm/gcc-arm-none-eabi-6-2017-
 601              		.file 25 "/home/zkmike/.local/share/renesas/e2_studio/toolchains/gcc_arm/gcc-arm-none-eabi-6-2017-
 602              		.file 26 "/home/zkmike/.local/share/renesas/e2_studio/toolchains/gcc_arm/gcc-arm-none-eabi-6-2017-
 603              		.file 27 "/home/zkmike/.local/share/renesas/e2_studio/toolchains/gcc_arm/gcc-arm-none-eabi-6-2017-
 604              		.file 28 "/home/zkmike/.local/share/renesas/e2_studio/toolchains/gcc_arm/gcc-arm-none-eabi-6-2017-
 605              		.file 29 "/home/zkmike/.local/share/renesas/e2_studio/toolchains/gcc_arm/gcc-arm-none-eabi-6-2017-
 606              		.file 30 "/home/zkmike/.local/share/renesas/e2_studio/toolchains/gcc_arm/gcc-arm-none-eabi-6-2017-
 607              		.file 31 "/home/zkmike/.local/share/renesas/e2_studio/toolchains/gcc_arm/gcc-arm-none-eabi-6-2017-
 608              		.file 32 "<built-in>"
 609              		.file 33 "/home/zkmike/.local/share/renesas/e2_studio/toolchains/gcc_arm/gcc-arm-none-eabi-6-2017-
 610              		.file 34 "/home/zkmike/.local/share/renesas/e2_studio/toolchains/gcc_arm/gcc-arm-none-eabi-6-2017-
 611              		.file 35 "/home/zkmike/.local/share/renesas/e2_studio/toolchains/gcc_arm/gcc-arm-none-eabi-6-2017-
 612              		.file 36 "/home/zkmike/.local/share/renesas/e2_studio/toolchains/gcc_arm/gcc-arm-none-eabi-6-2017-
 613              		.file 37 "/home/zkmike/.local/share/renesas/e2_studio/toolchains/gcc_arm/gcc-arm-none-eabi-6-2017-
 614              		.file 38 "/home/zkmike/.local/share/renesas/e2_studio/toolchains/gcc_arm/gcc-arm-none-eabi-6-2017-
 615              		.file 39 "/home/zkmike/.local/share/renesas/e2_studio/toolchains/gcc_arm/gcc-arm-none-eabi-6-2017-
 616              		.file 40 "/home/zkmike/.local/share/renesas/e2_studio/toolchains/gcc_arm/gcc-arm-none-eabi-6-2017-
 617              		.file 41 "/home/zkmike/workspace/RZA2M/rza2m_2d_barcode_sample_freertos_gcc/src/zxing_lib/zxing/co
DEFINED SYMBOLS
                            *ABS*:0000000000000000 ReedSolomonException.cpp
     /tmp/ccx1yE9h.s:17     .text._ZNK5zxing9Exception4whatEv:0000000000000000 $a
     /tmp/ccx1yE9h.s:23     .text._ZNK5zxing9Exception4whatEv:0000000000000000 _ZNK5zxing9Exception4whatEv
     /tmp/ccx1yE9h.s:550    .rodata._ZNK5zxing9Exception4whatEv.str1.4:0000000000000000 .LC0
.ARM.exidx.text._ZNK5zxing9Exception4whatEv:0000000000000000 $d
     /tmp/ccx1yE9h.s:47     .text._ZN5zxing9ExceptionD2Ev:0000000000000000 $a
     /tmp/ccx1yE9h.s:53     .text._ZN5zxing9ExceptionD2Ev:0000000000000000 _ZN5zxing9ExceptionD2Ev
     /tmp/ccx1yE9h.s:115    .text._ZN5zxing9ExceptionD2Ev:0000000000000058 $d
     /tmp/ccx1yE9h.s:541    .rodata._ZTVN5zxing9ExceptionE:0000000000000000 _ZTVN5zxing9ExceptionE
.ARM.extab.text._ZN5zxing9ExceptionD2Ev:0000000000000000 $d
.ARM.exidx.text._ZN5zxing9ExceptionD2Ev:0000000000000000 $d
     /tmp/ccx1yE9h.s:53     .text._ZN5zxing9ExceptionD2Ev:0000000000000000 _ZN5zxing9ExceptionD1Ev
     /tmp/ccx1yE9h.s:152    .text._ZN5zxing20ReedSolomonExceptionD2Ev:0000000000000000 $a
     /tmp/ccx1yE9h.s:158    .text._ZN5zxing20ReedSolomonExceptionD2Ev:0000000000000000 _ZN5zxing20ReedSolomonExceptionD2Ev
     /tmp/ccx1yE9h.s:228    .text._ZN5zxing20ReedSolomonExceptionD2Ev:0000000000000058 $d
.ARM.extab.text._ZN5zxing20ReedSolomonExceptionD2Ev:0000000000000000 $d
.ARM.exidx.text._ZN5zxing20ReedSolomonExceptionD2Ev:0000000000000000 $d
     /tmp/ccx1yE9h.s:158    .text._ZN5zxing20ReedSolomonExceptionD2Ev:0000000000000000 _ZN5zxing20ReedSolomonExceptionD1Ev
     /tmp/ccx1yE9h.s:264    .text._ZN5zxing20ReedSolomonExceptionD0Ev:0000000000000000 $a
     /tmp/ccx1yE9h.s:270    .text._ZN5zxing20ReedSolomonExceptionD0Ev:0000000000000000 _ZN5zxing20ReedSolomonExceptionD0Ev
.ARM.exidx.text._ZN5zxing20ReedSolomonExceptionD0Ev:0000000000000000 $d
     /tmp/ccx1yE9h.s:298    .text._ZN5zxing9ExceptionD0Ev:0000000000000000 $a
     /tmp/ccx1yE9h.s:304    .text._ZN5zxing9ExceptionD0Ev:0000000000000000 _ZN5zxing9ExceptionD0Ev
     /tmp/ccx1yE9h.s:375    .text._ZN5zxing9ExceptionD0Ev:0000000000000064 $d
.ARM.extab.text._ZN5zxing9ExceptionD0Ev:0000000000000000 $d
.ARM.exidx.text._ZN5zxing9ExceptionD0Ev:0000000000000000 $d
     /tmp/ccx1yE9h.s:409    .text._ZN5zxing20ReedSolomonExceptionC2EPKc:0000000000000000 $a
     /tmp/ccx1yE9h.s:415    .text._ZN5zxing20ReedSolomonExceptionC2EPKc:0000000000000000 _ZN5zxing20ReedSolomonExceptionC2EPKc
     /tmp/ccx1yE9h.s:482    .text._ZN5zxing20ReedSolomonExceptionC2EPKc:0000000000000054 $d
.ARM.extab.text._ZN5zxing20ReedSolomonExceptionC2EPKc:0000000000000000 $d
.ARM.exidx.text._ZN5zxing20ReedSolomonExceptionC2EPKc:0000000000000000 $d
     /tmp/ccx1yE9h.s:415    .text._ZN5zxing20ReedSolomonExceptionC2EPKc:0000000000000000 _ZN5zxing20ReedSolomonExceptionC1EPKc
     /tmp/ccx1yE9h.s:523    .rodata._ZTSN5zxing9ExceptionE:0000000000000000 _ZTSN5zxing9ExceptionE
     /tmp/ccx1yE9h.s:520    .rodata._ZTSN5zxing9ExceptionE:0000000000000000 $d
     /tmp/ccx1yE9h.s:530    .rodata._ZTIN5zxing9ExceptionE:0000000000000000 _ZTIN5zxing9ExceptionE
     /tmp/ccx1yE9h.s:527    .rodata._ZTIN5zxing9ExceptionE:0000000000000000 $d
     /tmp/ccx1yE9h.s:564    .rodata._ZTSN5zxing20ReedSolomonExceptionE:0000000000000000 _ZTSN5zxing20ReedSolomonExceptionE
     /tmp/ccx1yE9h.s:556    .rodata._ZTIN5zxing20ReedSolomonExceptionE:0000000000000000 _ZTIN5zxing20ReedSolomonExceptionE
     /tmp/ccx1yE9h.s:538    .rodata._ZTVN5zxing9ExceptionE:0000000000000000 $d
     /tmp/ccx1yE9h.s:571    .rodata._ZTVN5zxing20ReedSolomonExceptionE:0000000000000000 _ZTVN5zxing20ReedSolomonExceptionE
     /tmp/ccx1yE9h.s:549    .rodata._ZNK5zxing9Exception4whatEv.str1.4:0000000000000000 $d
     /tmp/ccx1yE9h.s:553    .rodata._ZTIN5zxing20ReedSolomonExceptionE:0000000000000000 $d
     /tmp/ccx1yE9h.s:561    .rodata._ZTSN5zxing20ReedSolomonExceptionE:0000000000000000 $d
     /tmp/ccx1yE9h.s:567    .rodata._ZTVN5zxing20ReedSolomonExceptionE:0000000000000000 $d
                     .debug_frame:0000000000000010 $d
                           .group:0000000000000000 _ZN5zxing9ExceptionD5Ev
                           .group:0000000000000000 wm4.0.cd1e96de8a8c4f34e746a820772853ad
                           .group:0000000000000000 wm4.cconfig.h.31.21483d26c3710eb58c7a44c20d82c775
                           .group:0000000000000000 wm4.cpu_defines.h.31.54d44f9d3e7c42875c5a7fd49795eb93
                           .group:0000000000000000 wm4.cconfig.h.515.5e729db314ae74226e291b4ae081e353
                           .group:0000000000000000 wm4.exception_defines.h.31.ca6841b9be3287386aafc5c717935b2e
                           .group:0000000000000000 wm4.cpp_type_traits.h.33.9f2bfd8c4471a9a299f6da3ec24c745c
                           .group:0000000000000000 wm4.numeric_traits.h.30.aa01a98564b7e55086aad9e53c7e5c53
                           .group:0000000000000000 wm4.concept_check.h.31.f19605d278e56917c68a56d378be308c
                           .group:0000000000000000 wm4.type_traits.30.967137c3695c72a3f7c65b682f1a104e
                           .group:0000000000000000 wm4.move.h.152.41d7b9e6779674d169b7813982cfa003
                           .group:0000000000000000 wm4.assertions.h.30.51d443923f0d242550e04246a7819b39
                           .group:0000000000000000 wm4.stl_iterator.h.406.6718c794fa6a1331f8340656b5c8c55c
                           .group:0000000000000000 wm4.debug.h.30.5c1f223b12199e851d4d42805b788ccf
                           .group:0000000000000000 wm4.stl_algobase.h.491.ec4060988bfff82dc579decdb75c72d6
                           .group:0000000000000000 wm4._newlib_version.h.4.3572908597b70d672d181fc7fc501c19
                           .group:0000000000000000 wm4.newlib.h.21.59901f4bf241ab46c63694665baa7297
                           .group:0000000000000000 wm4.features.h.22.5cdadbb3efe495d1c9e38350b8c376c7
                           .group:0000000000000000 wm4.config.h.219.65a553ab5bef5482f0d7880b0d33015e
                           .group:0000000000000000 wm4._ansi.h.23.1ee1144430bedaab1a14c7b57a6c8384
                           .group:0000000000000000 wm4.stddef.h.39.fa2e86d241f4df50b9327c72832885e1
                           .group:0000000000000000 wm4._default_types.h.6.959254cf5f09734ea7516c89e8bb21bd
                           .group:0000000000000000 wm4.lock.h.2.1461d1fff82dffe8bfddc23307f6484f
                           .group:0000000000000000 wm4._types.h.125.5cf8a495f1f7ef36777ad868a1e32068
                           .group:0000000000000000 wm4.stddef.h.161.7e98c9c86da0ed2d27af2ef92af7d013
                           .group:0000000000000000 wm4._types.h.183.c226d164ceca1f2ecb9ae9360c54a098
                           .group:0000000000000000 wm4.reent.h.17.23b059516345f8f5abfa01ddc379570f
                           .group:0000000000000000 wm4.wchar.h.8.acdef4366e64def8c588421024712d23
                           .group:0000000000000000 wm4.stddef.h.161.9f48187563b2a85291a91832aa425498
                           .group:0000000000000000 wm4.cdefs.h.47.9bc8274c84fddbf05edd550eb0bf48cd
                           .group:0000000000000000 wm4.stdarg.h.34.3a23a216c0c293b3d2ea2e89281481e6
                           .group:0000000000000000 wm4.wchar.h.29.7ec19a1c094c7903732828676a0a91b2
                           .group:0000000000000000 wm4.wchar.h.76.90478bd2c784f576b769c4535c98839d
                           .group:0000000000000000 wm4.cwchar.48.c4e882638bf84f6da89479dda6fe8e17
                           .group:0000000000000000 wm4.stdint.h.4.659be5aa44c4ab4eb7c7cc2b24d8ceee
                           .group:0000000000000000 wm4._intsup.h.10.cce27fed8484c08a33f522034c30d2b5
                           .group:0000000000000000 wm4._stdint.h.10.c24fa3af3bc1706662bb5593a907e841
                           .group:0000000000000000 wm4.stdint.h.23.4c107c5a20920bfc6e94fb2672bbd9ee
                           .group:0000000000000000 wm4.atomic_lockfree_defines.h.31.d5c6334fb1e95c9462b052951f1411df
                           .group:0000000000000000 wm4.allocator.h.52.0ceafb36dc1b82dbfa6b05003082e3f5
                           .group:0000000000000000 wm4.stddef.h.161.38688f2eb958a8ed58fdb61ffe554c94
                           .group:0000000000000000 wm4.locale.h.16.90d16f662e7119f5b192650a45179c6c
                           .group:0000000000000000 wm4.clocale.45.c36d2d5b631a875aa5273176b54fdf0f
                           .group:0000000000000000 wm4.ctype.h.2.cf64fe4c5e8c0ac0f52f1143312d4909
                           .group:0000000000000000 wm4.cctype.45.0da5714876b0be7f2d816b53d9670403
                           .group:0000000000000000 wm4.stl_function.h.57.472a8ffdc5144ddcd047558cd884dda0
                           .group:0000000000000000 wm4.gthr.h.27.ceb1c66b926f052afcba57e8784df0d4
                           .group:0000000000000000 wm4.gthrdefault.h.27.edc94d4398c0534988962be77dc3c2e1
                           .group:0000000000000000 wm4.atomic_word.h.30.9e0ac69fd462d5e650933e05133b4afa
                           .group:0000000000000000 wm4.alloc_traits.h.31.c41c7c4789404962122a4e991dfa3abf
                           .group:0000000000000000 wm4.cstdlib.44.52c5efdfb0f3c176bd11e611a0b94959
                           .group:0000000000000000 wm4.stdlib.h.13.4ed386f5c1a80d71e72172885d946ef2
                           .group:0000000000000000 wm4.alloca.h.8.dfc0c703c47ec3e69746825b17d9e66d
                           .group:0000000000000000 wm4.stdlib.h.56.d4493cd3736e51e9d56335045f26df45
                           .group:0000000000000000 wm4.cstdlib.76.ae666499c8f9b0ace1b4b23fe143da2c
                           .group:0000000000000000 wm4.stdio.h.27.3fc80220048df77954e38daec3bb9670
                           .group:0000000000000000 wm4.types.h.40.e8c16e7ec36ba55f133d0616070e25fc
                           .group:0000000000000000 wm4._endian.h.31.65a10590763c3dde1ac4a7f66d7d4891
                           .group:0000000000000000 wm4.endian.h.9.49f3a4695c1b61e8a0808de3c4a106cb
                           .group:0000000000000000 wm4._timeval.h.30.0e8bfd94e85db17dda3286ee81496fe6
                           .group:0000000000000000 wm4.timespec.h.41.d855182eb0e690443ab8651bcedca6e1
                           .group:0000000000000000 wm4.select.h.30.bbece7fa40993a78092dcc5805132560
                           .group:0000000000000000 wm4.types.h.69.ed3eae3cf73030a737515151ebcab7a1
                           .group:0000000000000000 wm4.stdio.h.2.4aa87247282eca6c8f36f9de33d8df1a
                           .group:0000000000000000 wm4.stdio.h.81.edc2fd66146f9635463a729e8fe0add3
                           .group:0000000000000000 wm4.cstdio.45.1ffaea3e7c26dce1e03f5847a7439edb
                           .group:0000000000000000 wm4.errno.h.2.ba016d646105af6cad23be83630b6a3f
                           .group:0000000000000000 wm4.errno.h.9.1ecd7b1049497a0ab61da0f6cbd4b0c6
                           .group:0000000000000000 wm4.functional_hash.h.98.3bf7680ffcc8d24d09fa83ac1339c79d

UNDEFINED SYMBOLS
__gxx_personality_v0
_ZN5zxing9Exception13deleteMessageEv
_ZNSt9exceptionD2Ev
__cxa_end_cleanup
__cxa_call_unexpected
_ZdlPvj
_ZN5zxing9Exception4copyEPKc
_ZTVN10__cxxabiv120__si_class_type_infoE
_ZTISt9exception
